$aov.tab
Permutation: free
Number of permutations: 999

Terms added sequentially (first to last)

                                Df SumsOfSqs  MeanSqs F.Model      R2 Pr(>F)
qiime.data$map[[opts$category]]  1    0.0463 0.046328 0.57967 0.01062  0.666
Residuals                       54    4.3158 0.079921         0.98938       
Total                           55    4.3621                  1.00000       

$call
adonis(formula = as.dist(qiime.data$distmat) ~ qiime.data$map[[opts$category]], 
    permutations = opts$num_permutations)

$coefficients
NULL

$coef.sites
                                         [,1]        [,2]        [,3]
(Intercept)                       0.346782462  0.32153681  0.34960166
qiime.data$map[[opts$category]]1 -0.004760559 -0.01577328 -0.02317485
                                        [,4]        [,5]        [,6]       [,7]
(Intercept)                       0.28016400  0.42789308  0.54137156 0.51730760
qiime.data$map[[opts$category]]1 -0.02101811 -0.00163102 -0.00282266 0.01139511
                                        [,8]        [,9]        [,10]
(Intercept)                       0.35833802  0.35997825  0.357603453
qiime.data$map[[opts$category]]1 -0.01645451 -0.01576487 -0.001961566
                                       [,11]       [,12]        [,13]
(Intercept)                       0.36095785  0.34353852  0.334760185
qiime.data$map[[opts$category]]1 -0.01499511 -0.02063529 -0.004683023
                                       [,14]        [,15]       [,16]
(Intercept)                       0.32260579  0.453685821  0.37917818
qiime.data$map[[opts$category]]1 -0.01524729 -0.003094506 -0.01259432
                                        [,17]       [,18]        [,19]
(Intercept)                       0.360896597  0.32466270  0.442528040
qiime.data$map[[opts$category]]1 -0.008879869 -0.01243344 -0.008297648
                                       [,20]       [,21]       [,22]
(Intercept)                       0.30995813  0.28693878  0.36263965
qiime.data$map[[opts$category]]1 -0.01952852 -0.02285818 -0.01405807
                                       [,23]       [,24]       [,25]
(Intercept)                      0.543501035  0.37448359  0.34607634
qiime.data$map[[opts$category]]1 0.004950239 -0.02335932 -0.01554895
                                        [,26]       [,27]       [,28]
(Intercept)                       0.372172345  0.34936335  0.29062487
qiime.data$map[[opts$category]]1 -0.009947635 -0.02153653 -0.01651843
                                       [,29]      [,30]       [,31]       [,32]
(Intercept)                       0.30456070  0.3588008  0.31241793  0.31172784
qiime.data$map[[opts$category]]1 -0.01919507 -0.0232393 -0.01486051 -0.02144935
                                       [,33]       [,34]       [,35]
(Intercept)                       0.34699843  0.32501593  0.31405640
qiime.data$map[[opts$category]]1 -0.00562762 -0.01599008 -0.01877025
                                       [,36]       [,37]        [,38]
(Intercept)                       0.33790481  0.30676934  0.370838911
qiime.data$map[[opts$category]]1 -0.02204153 -0.02565683 -0.007825494
                                       [,39]       [,40]       [,41]
(Intercept)                       0.29394051  0.38520477  0.29155764
qiime.data$map[[opts$category]]1 -0.01568967 -0.02578467 -0.01074649
                                       [,42]      [,43]       [,44]       [,45]
(Intercept)                       0.36519089  0.3695142 0.424997633  0.57666231
qiime.data$map[[opts$category]]1 -0.01958225 -0.0172656 0.002509285 -0.00198551
                                      [,46]      [,47]      [,48]       [,49]
(Intercept)                      0.62109740  0.3837473  0.2846901  0.30419990
qiime.data$map[[opts$category]]1 0.01788384 -0.0123730 -0.0177538 -0.01869683
                                       [,50]      [,51]       [,52]
(Intercept)                       0.31080324  0.3993434  0.33816947
qiime.data$map[[opts$category]]1 -0.02178511 -0.0199193 -0.01210073
                                        [,53]       [,54]       [,55]
(Intercept)                       0.344077689  0.35301586  0.28688944
qiime.data$map[[opts$category]]1 -0.008310095 -0.01556818 -0.01912451
                                        [,56]
(Intercept)                       0.365396865
qiime.data$map[[opts$category]]1 -0.003291456

$f.perms
              [,1]
   [1,] 0.94220034
   [2,] 0.74248327
   [3,] 0.97406544
   [4,] 2.63005670
   [5,] 1.32216258
   [6,] 1.01923585
   [7,] 2.81312493
   [8,] 1.17272202
   [9,] 0.40877460
  [10,] 1.54398211
  [11,] 0.29676340
  [12,] 3.65631608
  [13,] 1.14413549
  [14,] 0.70153031
  [15,] 0.53442905
  [16,] 0.55980063
  [17,] 1.43940976
  [18,] 0.41048461
  [19,] 0.63748039
  [20,] 2.54004565
  [21,] 1.16580437
  [22,] 0.39154076
  [23,] 0.57635132
  [24,] 0.88745640
  [25,] 0.38146011
  [26,] 0.55030978
  [27,] 0.39442213
  [28,] 0.92795138
  [29,] 3.48508259
  [30,] 0.83703116
  [31,] 1.18353778
  [32,] 0.44583873
  [33,] 0.92627759
  [34,] 0.52624350
  [35,] 1.74066475
  [36,] 0.85029772
  [37,] 0.87938251
  [38,] 0.58359035
  [39,] 3.25469107
  [40,] 0.34936651
  [41,] 2.17989990
  [42,] 0.32601719
  [43,] 0.58332319
  [44,] 0.33567785
  [45,] 0.89455429
  [46,] 0.65079671
  [47,] 1.63725133
  [48,] 0.38168031
  [49,] 0.36529055
  [50,] 0.89663277
  [51,] 0.70004728
  [52,] 0.85712873
  [53,] 0.47626952
  [54,] 0.40697902
  [55,] 0.04659719
  [56,] 0.59710897
  [57,] 2.14004769
  [58,] 1.33352009
  [59,] 0.49833887
  [60,] 0.40355691
  [61,] 0.51799378
  [62,] 0.37315931
  [63,] 0.06321269
  [64,] 1.08884787
  [65,] 1.18905353
  [66,] 0.98872631
  [67,] 1.57943969
  [68,] 0.30163083
  [69,] 1.22145714
  [70,] 1.07517742
  [71,] 2.64492657
  [72,] 1.68951035
  [73,] 1.64364979
  [74,] 0.97704923
  [75,] 1.62438939
  [76,] 0.22405899
  [77,] 0.53952646
  [78,] 1.06311522
  [79,] 0.46723883
  [80,] 1.36291685
  [81,] 0.68265935
  [82,] 0.68904335
  [83,] 0.44109596
  [84,] 0.65442203
  [85,] 1.82458193
  [86,] 0.96738268
  [87,] 0.42149738
  [88,] 1.16659582
  [89,] 2.27102731
  [90,] 1.08775667
  [91,] 1.04020661
  [92,] 0.34635395
  [93,] 0.76716299
  [94,] 1.25322361
  [95,] 3.35873642
  [96,] 0.45121141
  [97,] 0.45552601
  [98,] 2.60432962
  [99,] 0.43813289
 [100,] 1.26913608
 [101,] 0.70632441
 [102,] 0.58087754
 [103,] 0.50208261
 [104,] 1.51872124
 [105,] 1.72418132
 [106,] 0.39597899
 [107,] 0.69558784
 [108,] 0.45772700
 [109,] 1.31427763
 [110,] 0.41081888
 [111,] 0.23711766
 [112,] 0.34172597
 [113,] 0.49469682
 [114,] 0.92069794
 [115,] 0.72468901
 [116,] 1.41864606
 [117,] 1.19438339
 [118,] 1.66597010
 [119,] 0.47861136
 [120,] 0.91679485
 [121,] 1.02285741
 [122,] 0.71133410
 [123,] 1.49846855
 [124,] 0.77361465
 [125,] 2.20753668
 [126,] 3.49587471
 [127,] 2.78730946
 [128,] 0.66334426
 [129,] 1.38454554
 [130,] 1.07886621
 [131,] 1.61198858
 [132,] 3.95897283
 [133,] 2.77018490
 [134,] 2.01309337
 [135,] 1.23513049
 [136,] 0.47102010
 [137,] 0.75813402
 [138,] 1.21210786
 [139,] 0.53397348
 [140,] 0.49982153
 [141,] 0.65443167
 [142,] 0.55337695
 [143,] 0.98350138
 [144,] 1.38107101
 [145,] 1.12188742
 [146,] 0.93022220
 [147,] 0.31957282
 [148,] 0.91121511
 [149,] 0.73749313
 [150,] 2.61674174
 [151,] 2.07208932
 [152,] 0.46100682
 [153,] 1.36008175
 [154,] 0.49493239
 [155,] 0.71682745
 [156,] 0.61992439
 [157,] 0.47635976
 [158,] 1.05892176
 [159,] 0.62631583
 [160,] 0.38901804
 [161,] 1.43756574
 [162,] 0.26207757
 [163,] 1.67420554
 [164,] 0.62325124
 [165,] 0.81833670
 [166,] 2.97129614
 [167,] 0.72432530
 [168,] 0.51366901
 [169,] 0.41887707
 [170,] 0.78266037
 [171,] 1.63517440
 [172,] 0.92408088
 [173,] 0.99632502
 [174,] 0.95822092
 [175,] 0.58960061
 [176,] 2.29057579
 [177,] 1.08627538
 [178,] 2.90476666
 [179,] 0.44037250
 [180,] 1.18865039
 [181,] 3.22535567
 [182,] 0.88220428
 [183,] 2.58144578
 [184,] 0.45847835
 [185,] 0.59027478
 [186,] 0.42750268
 [187,] 0.41265930
 [188,] 0.99142620
 [189,] 1.38826050
 [190,] 1.44149992
 [191,] 1.00259540
 [192,] 3.10132076
 [193,] 1.29536050
 [194,] 0.54888749
 [195,] 1.26595296
 [196,] 1.27003090
 [197,] 0.57094014
 [198,] 0.84594646
 [199,] 2.09359268
 [200,] 1.47057297
 [201,] 0.50976635
 [202,] 0.43183380
 [203,] 1.41461985
 [204,] 0.33879838
 [205,] 2.09970600
 [206,] 0.37574949
 [207,] 1.54213092
 [208,] 1.72787175
 [209,] 0.55319865
 [210,] 0.74685947
 [211,] 1.18746344
 [212,] 1.28378481
 [213,] 0.79152489
 [214,] 0.56062161
 [215,] 2.68303417
 [216,] 0.39086615
 [217,] 1.06560231
 [218,] 0.54217265
 [219,] 0.74258836
 [220,] 0.33387232
 [221,] 2.46113177
 [222,] 0.87511589
 [223,] 0.87883398
 [224,] 0.47699643
 [225,] 0.61345474
 [226,] 0.33806370
 [227,] 0.55177185
 [228,] 0.89617531
 [229,] 0.47757124
 [230,] 0.23957865
 [231,] 0.82546225
 [232,] 3.23359866
 [233,] 2.34834620
 [234,] 2.00643879
 [235,] 0.91527963
 [236,] 0.40758573
 [237,] 2.36214502
 [238,] 1.08138046
 [239,] 0.59209177
 [240,] 0.41622375
 [241,] 0.73182725
 [242,] 0.49149977
 [243,] 2.69355157
 [244,] 0.45453846
 [245,] 2.03711604
 [246,] 1.39036575
 [247,] 0.46266392
 [248,] 0.48073660
 [249,] 0.39296533
 [250,] 0.16823035
 [251,] 0.42683379
 [252,] 0.55765284
 [253,] 0.30506506
 [254,] 0.97906875
 [255,] 0.48343078
 [256,] 3.34097711
 [257,] 0.59506554
 [258,] 1.18507247
 [259,] 1.77703705
 [260,] 1.70625419
 [261,] 0.91811001
 [262,] 0.87042500
 [263,] 0.44638329
 [264,] 0.24504377
 [265,] 0.30238143
 [266,] 0.32016471
 [267,] 0.63694921
 [268,] 0.71092088
 [269,] 0.44553318
 [270,] 0.12140254
 [271,] 1.04225046
 [272,] 0.56563930
 [273,] 0.97934757
 [274,] 0.46446904
 [275,] 1.25368896
 [276,] 0.77246312
 [277,] 0.72697988
 [278,] 0.53527389
 [279,] 0.53018074
 [280,] 0.62499901
 [281,] 0.55828129
 [282,] 0.72417297
 [283,] 2.52646403
 [284,] 0.63346063
 [285,] 1.01721372
 [286,] 0.22647858
 [287,] 2.34310125
 [288,] 0.86017121
 [289,] 1.11928605
 [290,] 1.92291274
 [291,] 0.40439267
 [292,] 1.74745364
 [293,] 1.34617945
 [294,] 1.16104964
 [295,] 0.31652225
 [296,] 0.79904982
 [297,] 0.31733284
 [298,] 1.06430553
 [299,] 3.46669540
 [300,] 1.35117548
 [301,] 3.27986897
 [302,] 0.24760444
 [303,] 0.84788336
 [304,] 0.91467742
 [305,] 0.28130394
 [306,] 1.04474206
 [307,] 1.43317533
 [308,] 0.72014119
 [309,] 0.33449109
 [310,] 0.93420979
 [311,] 1.12191681
 [312,] 0.33232386
 [313,] 0.70432087
 [314,] 0.48275785
 [315,] 1.07089215
 [316,] 0.46839088
 [317,] 0.86224934
 [318,] 0.42722716
 [319,] 1.06266124
 [320,] 1.63733592
 [321,] 0.78611857
 [322,] 0.67977816
 [323,] 0.56359690
 [324,] 0.44989256
 [325,] 0.21788439
 [326,] 1.59783282
 [327,] 0.51356911
 [328,] 1.13093224
 [329,] 0.47113638
 [330,] 1.79815826
 [331,] 1.41510161
 [332,] 0.57188766
 [333,] 0.90560249
 [334,] 2.04615379
 [335,] 1.03919833
 [336,] 0.73722935
 [337,] 0.88044561
 [338,] 0.77475002
 [339,] 0.89958732
 [340,] 1.43435306
 [341,] 1.48375082
 [342,] 0.45444492
 [343,] 2.05158268
 [344,] 0.94697214
 [345,] 1.36294065
 [346,] 0.44584606
 [347,] 0.34132500
 [348,] 0.59984825
 [349,] 1.63375841
 [350,] 1.72788669
 [351,] 0.23120897
 [352,] 1.43920749
 [353,] 2.39637339
 [354,] 0.56633898
 [355,] 0.21841066
 [356,] 0.75277826
 [357,] 0.68539697
 [358,] 0.10927425
 [359,] 1.02452738
 [360,] 1.19553603
 [361,] 1.10736567
 [362,] 0.69856502
 [363,] 0.78975616
 [364,] 1.72069827
 [365,] 2.27785899
 [366,] 0.61564011
 [367,] 1.83359025
 [368,] 1.11284250
 [369,] 0.49153796
 [370,] 0.52682468
 [371,] 0.89834496
 [372,] 0.98636178
 [373,] 0.71645316
 [374,] 1.25672075
 [375,] 0.29292513
 [376,] 1.53222893
 [377,] 0.46145181
 [378,] 2.01924248
 [379,] 0.73409385
 [380,] 0.63328850
 [381,] 0.91650686
 [382,] 0.37020440
 [383,] 0.53589527
 [384,] 0.95393651
 [385,] 0.17952653
 [386,] 0.65107369
 [387,] 0.79356533
 [388,] 0.98423804
 [389,] 0.11118889
 [390,] 1.28185613
 [391,] 0.48797480
 [392,] 0.13027259
 [393,] 0.61050463
 [394,] 0.28430670
 [395,] 0.52747906
 [396,] 0.66238542
 [397,] 0.26309595
 [398,] 1.70118094
 [399,] 0.78318659
 [400,] 0.29770765
 [401,] 0.41526023
 [402,] 4.79671609
 [403,] 0.23235312
 [404,] 1.77979720
 [405,] 2.20787836
 [406,] 0.50659168
 [407,] 0.57374515
 [408,] 1.88304225
 [409,] 0.77073982
 [410,] 1.32344149
 [411,] 0.56082853
 [412,] 0.62593369
 [413,] 1.33984883
 [414,] 0.87730279
 [415,] 1.70213078
 [416,] 1.32049751
 [417,] 0.82245160
 [418,] 0.20358134
 [419,] 1.83355215
 [420,] 0.36093101
 [421,] 0.33804681
 [422,] 1.31792425
 [423,] 0.98446363
 [424,] 0.54808315
 [425,] 1.21078979
 [426,] 1.09686701
 [427,] 1.84357106
 [428,] 0.47312211
 [429,] 0.43341761
 [430,] 1.21626616
 [431,] 0.42294786
 [432,] 0.77111490
 [433,] 1.18610217
 [434,] 0.20432333
 [435,] 1.23299258
 [436,] 0.33870036
 [437,] 0.68392807
 [438,] 0.63756228
 [439,] 1.23127531
 [440,] 0.26132555
 [441,] 0.59664903
 [442,] 0.80214772
 [443,] 1.01119856
 [444,] 1.35147967
 [445,] 0.67164119
 [446,] 0.64753192
 [447,] 0.76210412
 [448,] 0.64573163
 [449,] 0.73710201
 [450,] 0.66702734
 [451,] 0.73539318
 [452,] 1.03699943
 [453,] 0.98663718
 [454,] 1.58251239
 [455,] 0.45302237
 [456,] 1.83885673
 [457,] 0.91904742
 [458,] 0.70642997
 [459,] 0.66644597
 [460,] 0.35216056
 [461,] 0.24090196
 [462,] 3.21902513
 [463,] 0.64719158
 [464,] 0.67044160
 [465,] 0.26024378
 [466,] 0.50447872
 [467,] 1.04158917
 [468,] 0.94942902
 [469,] 0.91011134
 [470,] 0.58957253
 [471,] 0.09233102
 [472,] 1.12662661
 [473,] 0.13266201
 [474,] 0.60696183
 [475,] 0.63864200
 [476,] 0.98476243
 [477,] 0.24706686
 [478,] 1.07446895
 [479,] 0.43929829
 [480,] 0.55321894
 [481,] 1.27399367
 [482,] 0.56595275
 [483,] 0.91108182
 [484,] 1.07607287
 [485,] 0.58294548
 [486,] 0.72337433
 [487,] 1.48734832
 [488,] 2.55783461
 [489,] 0.87100736
 [490,] 0.49514367
 [491,] 0.90855994
 [492,] 0.41988417
 [493,] 0.50661600
 [494,] 1.40292458
 [495,] 0.86229520
 [496,] 0.38526620
 [497,] 0.43192771
 [498,] 1.07098182
 [499,] 1.08076143
 [500,] 0.41199403
 [501,] 0.28279994
 [502,] 1.04323727
 [503,] 0.79032533
 [504,] 1.78569178
 [505,] 1.36939371
 [506,] 0.50434210
 [507,] 0.33446189
 [508,] 1.05523249
 [509,] 1.07721081
 [510,] 1.09258739
 [511,] 1.41658095
 [512,] 1.14498088
 [513,] 0.68889649
 [514,] 3.14125255
 [515,] 0.24871389
 [516,] 0.66795217
 [517,] 1.93850703
 [518,] 0.49440380
 [519,] 5.79320187
 [520,] 0.46481084
 [521,] 0.63051980
 [522,] 1.94746176
 [523,] 0.83941446
 [524,] 1.38459390
 [525,] 1.25614110
 [526,] 0.48557000
 [527,] 2.41105680
 [528,] 1.23207220
 [529,] 0.79112862
 [530,] 0.42694177
 [531,] 1.22569800
 [532,] 0.49159430
 [533,] 0.75956114
 [534,] 0.65368427
 [535,] 1.01389770
 [536,] 1.35081545
 [537,] 0.71530140
 [538,] 1.05038939
 [539,] 0.35019359
 [540,] 0.38466907
 [541,] 0.53333064
 [542,] 0.27857500
 [543,] 0.35025677
 [544,] 1.50606948
 [545,] 1.92500166
 [546,] 0.61241653
 [547,] 1.84026770
 [548,] 1.02803153
 [549,] 0.20173771
 [550,] 2.56978213
 [551,] 0.98297487
 [552,] 2.34322776
 [553,] 0.18201987
 [554,] 1.71887420
 [555,] 0.55896108
 [556,] 1.01992075
 [557,] 1.51890340
 [558,] 0.29203538
 [559,] 1.13959593
 [560,] 0.62321184
 [561,] 6.63564599
 [562,] 0.98995158
 [563,] 1.79982217
 [564,] 0.75642876
 [565,] 0.56096185
 [566,] 0.53464651
 [567,] 0.42724608
 [568,] 0.74085503
 [569,] 0.57780834
 [570,] 0.57384103
 [571,] 2.23532178
 [572,] 0.64368456
 [573,] 0.50571251
 [574,] 0.86490425
 [575,] 0.23618157
 [576,] 0.11788706
 [577,] 1.84881800
 [578,] 0.47909683
 [579,] 1.25371916
 [580,] 0.83341526
 [581,] 0.98693877
 [582,] 0.31385828
 [583,] 2.28281900
 [584,] 3.42052134
 [585,] 0.72861162
 [586,] 1.25296591
 [587,] 0.63285013
 [588,] 1.41750844
 [589,] 0.47641169
 [590,] 0.73497538
 [591,] 1.03087152
 [592,] 0.48878384
 [593,] 0.62321563
 [594,] 1.19544534
 [595,] 0.64331586
 [596,] 1.04428902
 [597,] 0.37058176
 [598,] 0.80766606
 [599,] 1.14590173
 [600,] 0.61728123
 [601,] 1.95010794
 [602,] 0.52509527
 [603,] 0.95167615
 [604,] 0.50689633
 [605,] 1.54932162
 [606,] 0.72708278
 [607,] 0.49093765
 [608,] 0.65812702
 [609,] 0.43663961
 [610,] 0.34927970
 [611,] 1.26421637
 [612,] 0.99939537
 [613,] 0.35146421
 [614,] 2.22506098
 [615,] 2.35216176
 [616,] 0.16468702
 [617,] 0.61685939
 [618,] 1.24337957
 [619,] 1.48336989
 [620,] 1.23940322
 [621,] 0.46200665
 [622,] 2.49181046
 [623,] 0.62293444
 [624,] 1.29505192
 [625,] 0.96234299
 [626,] 1.05553770
 [627,] 1.54767641
 [628,] 0.92658756
 [629,] 0.63576761
 [630,] 1.47403099
 [631,] 0.33455999
 [632,] 0.31115139
 [633,] 2.16316855
 [634,] 0.78478245
 [635,] 0.65624783
 [636,] 0.25493566
 [637,] 0.34447714
 [638,] 1.10251517
 [639,] 0.56765778
 [640,] 0.54287902
 [641,] 2.33499421
 [642,] 1.12596667
 [643,] 0.15567264
 [644,] 0.57885731
 [645,] 0.66117912
 [646,] 0.59678424
 [647,] 1.24936994
 [648,] 1.38489398
 [649,] 1.46222202
 [650,] 0.47061445
 [651,] 0.29194819
 [652,] 0.79349462
 [653,] 0.41021504
 [654,] 2.19336441
 [655,] 0.50915329
 [656,] 1.91832247
 [657,] 0.34303547
 [658,] 0.86399215
 [659,] 1.34666940
 [660,] 0.85887572
 [661,] 1.18684732
 [662,] 1.91447475
 [663,] 1.42726549
 [664,] 0.10483990
 [665,] 1.49216499
 [666,] 1.16000562
 [667,] 1.58778742
 [668,] 0.08771646
 [669,] 0.60195209
 [670,] 0.50899522
 [671,] 0.53351327
 [672,] 0.62316750
 [673,] 4.08264307
 [674,] 1.32148226
 [675,] 0.51519340
 [676,] 1.02400973
 [677,] 0.78182327
 [678,] 1.55063147
 [679,] 2.51403509
 [680,] 1.41384797
 [681,] 2.77097306
 [682,] 0.40343827
 [683,] 0.41324858
 [684,] 1.11835990
 [685,] 0.58330412
 [686,] 1.00954822
 [687,] 1.06348086
 [688,] 0.47356650
 [689,] 0.30620477
 [690,] 1.67010267
 [691,] 0.44813243
 [692,] 0.69232444
 [693,] 2.94115196
 [694,] 1.08145088
 [695,] 1.06548351
 [696,] 0.25611292
 [697,] 1.45644412
 [698,] 0.35580368
 [699,] 0.40322602
 [700,] 1.12626692
 [701,] 1.04329331
 [702,] 0.52490026
 [703,] 3.49370415
 [704,] 0.45085917
 [705,] 0.35678036
 [706,] 0.40885320
 [707,] 0.74785180
 [708,] 0.69409481
 [709,] 1.29304282
 [710,] 0.23630305
 [711,] 0.76230383
 [712,] 0.90806129
 [713,] 0.45769323
 [714,] 0.64871866
 [715,] 0.86405562
 [716,] 0.66933807
 [717,] 0.35946799
 [718,] 1.56776043
 [719,] 0.27247310
 [720,] 0.74953008
 [721,] 4.49097080
 [722,] 0.65670800
 [723,] 0.87919975
 [724,] 1.89984039
 [725,] 1.59622104
 [726,] 0.43328207
 [727,] 0.89538373
 [728,] 1.00655214
 [729,] 1.96376028
 [730,] 0.38071416
 [731,] 0.15543249
 [732,] 2.91955194
 [733,] 0.37859365
 [734,] 0.27040689
 [735,] 3.06173131
 [736,] 1.20387327
 [737,] 0.87828201
 [738,] 1.90261111
 [739,] 1.26120131
 [740,] 0.19442791
 [741,] 0.95869409
 [742,] 1.10650129
 [743,] 0.28683819
 [744,] 0.41812832
 [745,] 0.41812264
 [746,] 0.24555595
 [747,] 1.75801719
 [748,] 0.88622711
 [749,] 0.58387958
 [750,] 0.80124458
 [751,] 0.23302733
 [752,] 0.69141437
 [753,] 0.56742235
 [754,] 2.60392375
 [755,] 0.71745224
 [756,] 0.97386329
 [757,] 1.06717773
 [758,] 1.01947439
 [759,] 1.22671625
 [760,] 1.13625015
 [761,] 0.64462612
 [762,] 0.69202732
 [763,] 0.66699219
 [764,] 0.45229618
 [765,] 0.61841028
 [766,] 1.24632960
 [767,] 0.40308477
 [768,] 1.00649723
 [769,] 0.64890588
 [770,] 0.51097830
 [771,] 1.01073190
 [772,] 1.92311256
 [773,] 0.27041573
 [774,] 0.87087472
 [775,] 0.54464754
 [776,] 0.54109495
 [777,] 0.38960513
 [778,] 0.71106580
 [779,] 0.76614905
 [780,] 0.68053481
 [781,] 0.60267781
 [782,] 1.08218938
 [783,] 1.66487696
 [784,] 0.69318564
 [785,] 0.39413143
 [786,] 2.59777722
 [787,] 0.46792099
 [788,] 0.84574649
 [789,] 0.68099687
 [790,] 0.71724703
 [791,] 0.49673166
 [792,] 0.68067317
 [793,] 0.89288533
 [794,] 0.97731455
 [795,] 3.06586369
 [796,] 5.58861660
 [797,] 0.57493779
 [798,] 0.51965591
 [799,] 1.39821742
 [800,] 0.58380326
 [801,] 0.81138631
 [802,] 1.52072100
 [803,] 1.75522125
 [804,] 1.25423389
 [805,] 0.99313713
 [806,] 1.82001605
 [807,] 0.62529447
 [808,] 0.25752471
 [809,] 0.40564718
 [810,] 0.24272543
 [811,] 1.52474833
 [812,] 0.52597936
 [813,] 0.21931687
 [814,] 0.83640203
 [815,] 1.23333567
 [816,] 0.44094200
 [817,] 0.26581787
 [818,] 0.37896837
 [819,] 0.64102774
 [820,] 0.55585104
 [821,] 1.62742334
 [822,] 1.01253054
 [823,] 0.80460146
 [824,] 0.36084512
 [825,] 1.75469077
 [826,] 0.49807775
 [827,] 1.00574495
 [828,] 1.35472490
 [829,] 0.46988632
 [830,] 0.73156994
 [831,] 1.20300205
 [832,] 0.68773875
 [833,] 0.75056960
 [834,] 1.11197343
 [835,] 0.71888471
 [836,] 0.82127016
 [837,] 0.38400278
 [838,] 0.48117998
 [839,] 0.72614591
 [840,] 1.36966406
 [841,] 1.01327937
 [842,] 0.20927090
 [843,] 1.12443023
 [844,] 0.78920118
 [845,] 1.88806202
 [846,] 0.39390709
 [847,] 0.89741273
 [848,] 0.37386610
 [849,] 0.80443771
 [850,] 0.85148930
 [851,] 0.48647331
 [852,] 0.49248752
 [853,] 1.31614807
 [854,] 0.49749552
 [855,] 0.59057477
 [856,] 0.53079803
 [857,] 1.14259546
 [858,] 0.11060385
 [859,] 1.42439638
 [860,] 0.86129819
 [861,] 1.66521174
 [862,] 1.51864946
 [863,] 1.35247039
 [864,] 1.27384064
 [865,] 1.00354533
 [866,] 0.38346730
 [867,] 0.85511723
 [868,] 1.06344924
 [869,] 1.20835690
 [870,] 1.00598718
 [871,] 0.51650219
 [872,] 0.78194259
 [873,] 0.93586606
 [874,] 0.48567718
 [875,] 1.32845467
 [876,] 3.62581254
 [877,] 0.34395195
 [878,] 0.29081958
 [879,] 0.46638786
 [880,] 0.52817213
 [881,] 0.62641565
 [882,] 0.47529877
 [883,] 3.28382410
 [884,] 0.33547686
 [885,] 0.68847194
 [886,] 4.38924152
 [887,] 0.33739943
 [888,] 0.51116173
 [889,] 0.88809996
 [890,] 2.83669241
 [891,] 1.75397173
 [892,] 0.71515054
 [893,] 0.19564929
 [894,] 0.88239789
 [895,] 0.07701303
 [896,] 1.18807310
 [897,] 2.33290279
 [898,] 1.11056920
 [899,] 0.59589803
 [900,] 0.41007210
 [901,] 0.73361226
 [902,] 0.66231498
 [903,] 0.63539559
 [904,] 1.45388366
 [905,] 0.52307065
 [906,] 0.33059307
 [907,] 0.19837008
 [908,] 0.52159812
 [909,] 0.55540468
 [910,] 0.52779779
 [911,] 0.43853927
 [912,] 0.68701792
 [913,] 0.79762966
 [914,] 0.45593085
 [915,] 0.46871915
 [916,] 0.95776256
 [917,] 0.94972157
 [918,] 0.82767054
 [919,] 0.97956028
 [920,] 0.88585144
 [921,] 0.61877881
 [922,] 0.49842132
 [923,] 0.84790806
 [924,] 0.46882588
 [925,] 0.79059812
 [926,] 1.45731105
 [927,] 0.49481996
 [928,] 0.52575375
 [929,] 1.10931506
 [930,] 0.24527628
 [931,] 0.51718354
 [932,] 1.55283999
 [933,] 0.76319142
 [934,] 0.79293162
 [935,] 0.45489953
 [936,] 0.63704740
 [937,] 0.47077434
 [938,] 1.66256637
 [939,] 1.96643053
 [940,] 0.82712776
 [941,] 0.30229336
 [942,] 0.24149604
 [943,] 0.31334361
 [944,] 0.42768328
 [945,] 0.40918665
 [946,] 0.96580930
 [947,] 1.47005667
 [948,] 0.72990301
 [949,] 0.67297821
 [950,] 1.94064687
 [951,] 0.12682860
 [952,] 0.91236630
 [953,] 2.18991684
 [954,] 1.13698318
 [955,] 0.74553836
 [956,] 1.44075735
 [957,] 0.83703909
 [958,] 1.16675434
 [959,] 2.02809203
 [960,] 0.84341154
 [961,] 0.24495140
 [962,] 1.79277062
 [963,] 2.22768961
 [964,] 0.48107221
 [965,] 0.88872761
 [966,] 0.44745101
 [967,] 1.27357041
 [968,] 1.04849128
 [969,] 0.23983988
 [970,] 1.20283575
 [971,] 0.75880518
 [972,] 2.73845059
 [973,] 0.68713699
 [974,] 0.67099274
 [975,] 1.95052015
 [976,] 0.86299408
 [977,] 0.73330240
 [978,] 1.96547400
 [979,] 0.40224798
 [980,] 0.50744506
 [981,] 0.47740867
 [982,] 0.45639194
 [983,] 1.04488855
 [984,] 0.95995436
 [985,] 0.80737254
 [986,] 2.15941216
 [987,] 1.54217116
 [988,] 1.14442084
 [989,] 1.43020095
 [990,] 0.70524111
 [991,] 1.65371508
 [992,] 1.38952085
 [993,] 0.97612781
 [994,] 0.99973100
 [995,] 0.44714546
 [996,] 0.29293253
 [997,] 1.65912736
 [998,] 0.66940175
 [999,] 2.24560013

$model.matrix
   (Intercept) qiime.data$map[[opts$category]]1
1            1                               -1
2            1                               -1
3            1                                1
4            1                                1
5            1                                1
6            1                               -1
7            1                               -1
8            1                                1
9            1                                1
10           1                               -1
11           1                                1
12           1                                1
13           1                               -1
14           1                                1
15           1                               -1
16           1                                1
17           1                               -1
18           1                               -1
19           1                                1
20           1                                1
21           1                                1
22           1                               -1
23           1                               -1
24           1                                1
25           1                               -1
26           1                               -1
27           1                                1
28           1                                1
29           1                                1
30           1                                1
31           1                               -1
32           1                                1
33           1                               -1
34           1                               -1
35           1                               -1
36           1                                1
37           1                                1
38           1                               -1
39           1                               -1
40           1                                1
41           1                               -1
42           1                               -1
43           1                                1
44           1                               -1
45           1                                1
46           1                               -1
47           1                                1
48           1                               -1
49           1                                1
50           1                                1
51           1                                1
52           1                                1
53           1                               -1
54           1                               -1
55           1                                1
56           1                               -1

$terms
as.dist(qiime.data$distmat) ~ qiime.data$map[[opts$category]]
attr(,"variables")
list(as.dist(qiime.data$distmat), qiime.data$map[[opts$category]])
attr(,"factors")
                                qiime.data$map[[opts$category]]
as.dist(qiime.data$distmat)                                   0
qiime.data$map[[opts$category]]                               1
attr(,"term.labels")
[1] "qiime.data$map[[opts$category]]"
attr(,"order")
[1] 1
attr(,"intercept")
[1] 1
attr(,"response")
[1] 1
attr(,".Environment")
<environment: R_GlobalEnv>

attr(,"class")
[1] "adonis"
